
> @workspace/api-server@0.0.0 dev /app/artifacts/api-server
> export NODE_ENV=development && pnpm run build && pnpm run start


> @workspace/api-server@0.0.0 build /app/artifacts/api-server
> node ./build.mjs


  dist/index.mjs                       3.0mb ⚠️
  dist/pino-worker.mjs               153.4kb
  dist/pino-file.mjs                 142.0kb
  dist/pino-pretty.mjs               114.6kb
  dist/thread-stream-worker.mjs        7.3kb
  dist/index.mjs.map                   5.1mb
  dist/pino-worker.mjs.map           256.9kb
  dist/pino-file.mjs.map             229.0kb
  dist/pino-pretty.mjs.map           204.0kb
  dist/thread-stream-worker.mjs.map   12.0kb

⚡ Done in 527ms

> @workspace/api-server@0.0.0 start /app/artifacts/api-server
> node --enable-source-maps ./dist/index.mjs

/app/lib/db/src/index.ts:8
  throw new Error(
        ^

Error: DATABASE_URL must be set. Did you forget to provision a database?
    at <anonymous> (/app/lib/db/src/index.ts:8:9)
    at ModuleJob.run (node:internal/modules/esm/module_job:343:25)
    at async onImport.tracePromise.__proto__ (node:internal/modules/esm/loader:665:26)
    at async asyncRunEntryPointWithESMLoader (node:internal/modules/run_main:117:5)

Node.js v22.22.1
 ELIFECYCLE  Command failed with exit code 1.
 ELIFECYCLE  Command failed with exit code 1.
